#include <mpi.h>

int main(int argc,char **argv)
{
  int x;
  int y;
#if 1
  MPI_Init(&argc,&argv);
#endif
  return 0;
}
